// Jest Snapshot v1, https://goo.gl/fbAQLP

exports[`Project Graph Component should match snapshot 1`] = `
<ProjectGraph
  chart="loading"
  fetchProjects={
    [MockFunction] {
      "calls": Array [
        Array [],
      ],
      "results": Array [
        Object {
          "isThrow": false,
          "value": Promise {},
        },
      ],
    }
  }
>
  <div
    className="graph-container"
  >
    <div
      className="series content graph"
      id="project"
    >
      <div
        id="graph"
      />
    </div>
    <ProjectModules
      closeModalOnClick={[Function]}
      doIHaveData=""
      isModalOpen={false}
      projectClicked={Object {}}
    >
      <Modal
        ariaHideApp={true}
        bodyOpenClassName="ReactModal__Body--open"
        className="modal-container"
        closeTimeoutMS={0}
        contentLabel="Project Graph Modal"
        isOpen={false}
        onRequestClose={[Function]}
        parentSelector={[Function]}
        portalClassName="ReactModalPortal"
        shouldCloseOnEsc={true}
        shouldCloseOnOverlayClick={true}
        shouldFocusAfterRender={true}
        shouldReturnFocusAfterClose={true}
        style={
          Object {
            "content": Object {
              "borderRadius": "10px",
              "bottom": "5%",
              "color": "white",
              "height": "80%",
              "left": "10%",
              "padding": "0px",
              "position": "fixed",
              "right": "5%",
              "top": "5%",
              "width": "80%",
              "zIndex": 101,
            },
            "overlay": Object {
              "backgroundColor": "rgba(255, 255, 255, 0.75)",
              "bottom": 0,
              "left": 0,
              "position": "fixed",
              "right": 0,
              "top": 0,
              "zIndex": 10,
            },
          }
        }
      >
        <Portal
          containerInfo={
            <div
              class="ReactModalPortal"
            />
          }
        >
          <ModalPortal
            ariaHideApp={true}
            bodyOpenClassName="ReactModal__Body--open"
            className="modal-container"
            closeTimeoutMS={0}
            contentLabel="Project Graph Modal"
            defaultStyles={
              Object {
                "content": Object {
                  "WebkitOverflowScrolling": "touch",
                  "background": "#fff",
                  "border": "1px solid #ccc",
                  "borderRadius": "4px",
                  "bottom": "40px",
                  "left": "40px",
                  "outline": "none",
                  "overflow": "auto",
                  "padding": "20px",
                  "position": "absolute",
                  "right": "40px",
                  "top": "40px",
                },
                "overlay": Object {
                  "backgroundColor": "rgba(255, 255, 255, 0.75)",
                  "bottom": 0,
                  "left": 0,
                  "position": "fixed",
                  "right": 0,
                  "top": 0,
                },
              }
            }
            isOpen={false}
            onRequestClose={[Function]}
            parentSelector={[Function]}
            portalClassName="ReactModalPortal"
            shouldCloseOnEsc={true}
            shouldCloseOnOverlayClick={true}
            shouldFocusAfterRender={true}
            shouldReturnFocusAfterClose={true}
            style={
              Object {
                "content": Object {
                  "borderRadius": "10px",
                  "bottom": "5%",
                  "color": "white",
                  "height": "80%",
                  "left": "10%",
                  "padding": "0px",
                  "position": "fixed",
                  "right": "5%",
                  "top": "5%",
                  "width": "80%",
                  "zIndex": 101,
                },
                "overlay": Object {
                  "backgroundColor": "rgba(255, 255, 255, 0.75)",
                  "bottom": 0,
                  "left": 0,
                  "position": "fixed",
                  "right": 0,
                  "top": 0,
                  "zIndex": 10,
                },
              }
            }
          />
        </Portal>
      </Modal>
    </ProjectModules>
  </div>
</ProjectGraph>
`;
